// Jest Snapshot v1, https://goo.gl/fbAQLP

exports[`action loadGamesActionCreator works fine 1`] = `
Object {
  "type": "GAMES_LIST_FETCHING",
}
`;
