// Jest Snapshot v1, https://goo.gl/fbAQLP

exports[`GameDetails test render empty component 1`] = `null`;
